  4coder_scewps.cpp
E:\4cc\build\custom\generated\4coder_event_codes.h(146,5): error C2440: 'initializing': cannot convert from 'const char [5]' to 'char *'
  (compiling source file '4coder_scewps.cpp')
      E:\4cc\build\custom\generated\4coder_event_codes.h(146,5):
      Conversion from string literal loses const qualifier (see /Zc:strictStrings)
  
E:\4cc\build\custom\generated\4coder_event_codes.h(147,5): error C2440: 'initializing': cannot convert from 'const char [2]' to 'char *'
  (compiling source file '4coder_scewps.cpp')
      E:\4cc\build\custom\generated\4coder_event_codes.h(147,5):
      Conversion from string literal loses const qualifier (see /Zc:strictStrings)
  
E:\4cc\build\custom\generated\4coder_event_codes.h(148,5): error C2440: 'initializing': cannot convert from 'const char [2]' to 'char *'
  (compiling source file '4coder_scewps.cpp')
      E:\4cc\build\custom\generated\4coder_event_codes.h(148,5):
      Conversion from string literal loses const qualifier (see /Zc:strictStrings)
  
E:\4cc\build\custom\generated\4coder_event_codes.h(149,5): error C2440: 'initializing': cannot convert from 'const char [2]' to 'char *'
  (compiling source file '4coder_scewps.cpp')
      E:\4cc\build\custom\generated\4coder_event_codes.h(149,5):
      Conversion from string literal loses const qualifier (see /Zc:strictStrings)
  
E:\4cc\build\custom\generated\4coder_event_codes.h(150,5): error C2440: 'initializing': cannot convert from 'const char [2]' to 'char *'
  (compiling source file '4coder_scewps.cpp')
      E:\4cc\build\custom\generated\4coder_event_codes.h(150,5):
      Conversion from string literal loses const qualifier (see /Zc:strictStrings)
  
E:\4cc\build\custom\generated\4coder_event_codes.h(151,5): error C2440: 'initializing': cannot convert from 'const char [2]' to 'char *'
  (compiling source file '4coder_scewps.cpp')
      E:\4cc\build\custom\generated\4coder_event_codes.h(151,5):
      Conversion from string literal loses const qualifier (see /Zc:strictStrings)
  
E:\4cc\build\custom\generated\4coder_event_codes.h(152,5): error C2440: 'initializing': cannot convert from 'const char [2]' to 'char *'
  (compiling source file '4coder_scewps.cpp')
      E:\4cc\build\custom\generated\4coder_event_codes.h(152,5):
      Conversion from string literal loses const qualifier (see /Zc:strictStrings)
  
E:\4cc\build\custom\generated\4coder_event_codes.h(153,5): error C2440: 'initializing': cannot convert from 'const char [2]' to 'char *'
  (compiling source file '4coder_scewps.cpp')
      E:\4cc\build\custom\generated\4coder_event_codes.h(153,5):
      Conversion from string literal loses const qualifier (see /Zc:strictStrings)
  
E:\4cc\build\custom\generated\4coder_event_codes.h(154,5): error C2440: 'initializing': cannot convert from 'const char [2]' to 'char *'
  (compiling source file '4coder_scewps.cpp')
      E:\4cc\build\custom\generated\4coder_event_codes.h(154,5):
      Conversion from string literal loses const qualifier (see /Zc:strictStrings)
  
E:\4cc\build\custom\generated\4coder_event_codes.h(155,5): error C2440: 'initializing': cannot convert from 'const char [2]' to 'char *'
  (compiling source file '4coder_scewps.cpp')
      E:\4cc\build\custom\generated\4coder_event_codes.h(155,5):
      Conversion from string literal loses const qualifier (see /Zc:strictStrings)
  
E:\4cc\build\custom\generated\4coder_event_codes.h(156,5): error C2440: 'initializing': cannot convert from 'const char [2]' to 'char *'
  (compiling source file '4coder_scewps.cpp')
      E:\4cc\build\custom\generated\4coder_event_codes.h(156,5):
      Conversion from string literal loses const qualifier (see /Zc:strictStrings)
  
E:\4cc\build\custom\generated\4coder_event_codes.h(157,5): error C2440: 'initializing': cannot convert from 'const char [2]' to 'char *'
  (compiling source file '4coder_scewps.cpp')
      E:\4cc\build\custom\generated\4coder_event_codes.h(157,5):
      Conversion from string literal loses const qualifier (see /Zc:strictStrings)
  
E:\4cc\build\custom\generated\4coder_event_codes.h(158,5): error C2440: 'initializing': cannot convert from 'const char [2]' to 'char *'
  (compiling source file '4coder_scewps.cpp')
      E:\4cc\build\custom\generated\4coder_event_codes.h(158,5):
      Conversion from string literal loses const qualifier (see /Zc:strictStrings)
  
E:\4cc\build\custom\generated\4coder_event_codes.h(159,5): error C2440: 'initializing': cannot convert from 'const char [2]' to 'char *'
  (compiling source file '4coder_scewps.cpp')
      E:\4cc\build\custom\generated\4coder_event_codes.h(159,5):
      Conversion from string literal loses const qualifier (see /Zc:strictStrings)
  
E:\4cc\build\custom\generated\4coder_event_codes.h(160,5): error C2440: 'initializing': cannot convert from 'const char [2]' to 'char *'
  (compiling source file '4coder_scewps.cpp')
      E:\4cc\build\custom\generated\4coder_event_codes.h(160,5):
      Conversion from string literal loses const qualifier (see /Zc:strictStrings)
  
E:\4cc\build\custom\generated\4coder_event_codes.h(161,5): error C2440: 'initializing': cannot convert from 'const char [2]' to 'char *'
  (compiling source file '4coder_scewps.cpp')
      E:\4cc\build\custom\generated\4coder_event_codes.h(161,5):
      Conversion from string literal loses const qualifier (see /Zc:strictStrings)
  
E:\4cc\build\custom\generated\4coder_event_codes.h(162,5): error C2440: 'initializing': cannot convert from 'const char [2]' to 'char *'
  (compiling source file '4coder_scewps.cpp')
      E:\4cc\build\custom\generated\4coder_event_codes.h(162,5):
      Conversion from string literal loses const qualifier (see /Zc:strictStrings)
  
E:\4cc\build\custom\generated\4coder_event_codes.h(163,5): error C2440: 'initializing': cannot convert from 'const char [2]' to 'char *'
  (compiling source file '4coder_scewps.cpp')
      E:\4cc\build\custom\generated\4coder_event_codes.h(163,5):
      Conversion from string literal loses const qualifier (see /Zc:strictStrings)
  
E:\4cc\build\custom\generated\4coder_event_codes.h(164,5): error C2440: 'initializing': cannot convert from 'const char [2]' to 'char *'
  (compiling source file '4coder_scewps.cpp')
      E:\4cc\build\custom\generated\4coder_event_codes.h(164,5):
      Conversion from string literal loses const qualifier (see /Zc:strictStrings)
  
E:\4cc\build\custom\generated\4coder_event_codes.h(165,5): error C2440: 'initializing': cannot convert from 'const char [2]' to 'char *'
  (compiling source file '4coder_scewps.cpp')
      E:\4cc\build\custom\generated\4coder_event_codes.h(165,5):
      Conversion from string literal loses const qualifier (see /Zc:strictStrings)
  
E:\4cc\build\custom\generated\4coder_event_codes.h(166,5): error C2440: 'initializing': cannot convert from 'const char [2]' to 'char *'
  (compiling source file '4coder_scewps.cpp')
      E:\4cc\build\custom\generated\4coder_event_codes.h(166,5):
      Conversion from string literal loses const qualifier (see /Zc:strictStrings)
  
E:\4cc\build\custom\generated\4coder_event_codes.h(167,5): error C2440: 'initializing': cannot convert from 'const char [2]' to 'char *'
  (compiling source file '4coder_scewps.cpp')
      E:\4cc\build\custom\generated\4coder_event_codes.h(167,5):
      Conversion from string literal loses const qualifier (see /Zc:strictStrings)
  
E:\4cc\build\custom\generated\4coder_event_codes.h(168,5): error C2440: 'initializing': cannot convert from 'const char [2]' to 'char *'
  (compiling source file '4coder_scewps.cpp')
      E:\4cc\build\custom\generated\4coder_event_codes.h(168,5):
      Conversion from string literal loses const qualifier (see /Zc:strictStrings)
  
E:\4cc\build\custom\generated\4coder_event_codes.h(169,5): error C2440: 'initializing': cannot convert from 'const char [2]' to 'char *'
  (compiling source file '4coder_scewps.cpp')
      E:\4cc\build\custom\generated\4coder_event_codes.h(169,5):
      Conversion from string literal loses const qualifier (see /Zc:strictStrings)
  
E:\4cc\build\custom\generated\4coder_event_codes.h(170,5): error C2440: 'initializing': cannot convert from 'const char [2]' to 'char *'
  (compiling source file '4coder_scewps.cpp')
      E:\4cc\build\custom\generated\4coder_event_codes.h(170,5):
      Conversion from string literal loses const qualifier (see /Zc:strictStrings)
  
E:\4cc\build\custom\generated\4coder_event_codes.h(171,5): error C2440: 'initializing': cannot convert from 'const char [2]' to 'char *'
  (compiling source file '4coder_scewps.cpp')
      E:\4cc\build\custom\generated\4coder_event_codes.h(171,5):
      Conversion from string literal loses const qualifier (see /Zc:strictStrings)
  
E:\4cc\build\custom\generated\4coder_event_codes.h(172,5): error C2440: 'initializing': cannot convert from 'const char [2]' to 'char *'
  (compiling source file '4coder_scewps.cpp')
      E:\4cc\build\custom\generated\4coder_event_codes.h(172,5):
      Conversion from string literal loses const qualifier (see /Zc:strictStrings)
  
E:\4cc\build\custom\generated\4coder_event_codes.h(173,5): error C2440: 'initializing': cannot convert from 'const char [2]' to 'char *'
  (compiling source file '4coder_scewps.cpp')
      E:\4cc\build\custom\generated\4coder_event_codes.h(173,5):
      Conversion from string literal loses const qualifier (see /Zc:strictStrings)
  
E:\4cc\build\custom\generated\4coder_event_codes.h(174,5): error C2440: 'initializing': cannot convert from 'const char [2]' to 'char *'
  (compiling source file '4coder_scewps.cpp')
      E:\4cc\build\custom\generated\4coder_event_codes.h(174,5):
      Conversion from string literal loses const qualifier (see /Zc:strictStrings)
  
E:\4cc\build\custom\generated\4coder_event_codes.h(175,5): error C2440: 'initializing': cannot convert from 'const char [2]' to 'char *'
  (compiling source file '4coder_scewps.cpp')
      E:\4cc\build\custom\generated\4coder_event_codes.h(175,5):
      Conversion from string literal loses const qualifier (see /Zc:strictStrings)
  
E:\4cc\build\custom\generated\4coder_event_codes.h(176,5): error C2440: 'initializing': cannot convert from 'const char [2]' to 'char *'
  (compiling source file '4coder_scewps.cpp')
      E:\4cc\build\custom\generated\4coder_event_codes.h(176,5):
      Conversion from string literal loses const qualifier (see /Zc:strictStrings)
  
E:\4cc\build\custom\generated\4coder_event_codes.h(177,5): error C2440: 'initializing': cannot convert from 'const char [2]' to 'char *'
  (compiling source file '4coder_scewps.cpp')
      E:\4cc\build\custom\generated\4coder_event_codes.h(177,5):
      Conversion from string literal loses const qualifier (see /Zc:strictStrings)
  
E:\4cc\build\custom\generated\4coder_event_codes.h(178,5): error C2440: 'initializing': cannot convert from 'const char [2]' to 'char *'
  (compiling source file '4coder_scewps.cpp')
      E:\4cc\build\custom\generated\4coder_event_codes.h(178,5):
      Conversion from string literal loses const qualifier (see /Zc:strictStrings)
  
E:\4cc\build\custom\generated\4coder_event_codes.h(179,5): error C2440: 'initializing': cannot convert from 'const char [2]' to 'char *'
  (compiling source file '4coder_scewps.cpp')
      E:\4cc\build\custom\generated\4coder_event_codes.h(179,5):
      Conversion from string literal loses const qualifier (see /Zc:strictStrings)
  
E:\4cc\build\custom\generated\4coder_event_codes.h(180,5): error C2440: 'initializing': cannot convert from 'const char [2]' to 'char *'
  (compiling source file '4coder_scewps.cpp')
      E:\4cc\build\custom\generated\4coder_event_codes.h(180,5):
      Conversion from string literal loses const qualifier (see /Zc:strictStrings)
  
E:\4cc\build\custom\generated\4coder_event_codes.h(181,5): error C2440: 'initializing': cannot convert from 'const char [2]' to 'char *'
  (compiling source file '4coder_scewps.cpp')
      E:\4cc\build\custom\generated\4coder_event_codes.h(181,5):
      Conversion from string literal loses const qualifier (see /Zc:strictStrings)
  
E:\4cc\build\custom\generated\4coder_event_codes.h(182,5): error C2440: 'initializing': cannot convert from 'const char [2]' to 'char *'
  (compiling source file '4coder_scewps.cpp')
      E:\4cc\build\custom\generated\4coder_event_codes.h(182,5):
      Conversion from string literal loses const qualifier (see /Zc:strictStrings)
  
E:\4cc\build\custom\generated\4coder_event_codes.h(183,5): error C2440: 'initializing': cannot convert from 'const char [6]' to 'char *'
  (compiling source file '4coder_scewps.cpp')
      E:\4cc\build\custom\generated\4coder_event_codes.h(183,5):
      Conversion from string literal loses const qualifier (see /Zc:strictStrings)
  
E:\4cc\build\custom\generated\4coder_event_codes.h(184,5): error C2440: 'initializing': cannot convert from 'const char [5]' to 'char *'
  (compiling source file '4coder_scewps.cpp')
      E:\4cc\build\custom\generated\4coder_event_codes.h(184,5):
      Conversion from string literal loses const qualifier (see /Zc:strictStrings)
  
E:\4cc\build\custom\generated\4coder_event_codes.h(185,5): error C2440: 'initializing': cannot convert from 'const char [6]' to 'char *'
  (compiling source file '4coder_scewps.cpp')
      E:\4cc\build\custom\generated\4coder_event_codes.h(185,5):
      Conversion from string literal loses const qualifier (see /Zc:strictStrings)
  
E:\4cc\build\custom\generated\4coder_event_codes.h(186,5): error C2440: 'initializing': cannot convert from 'const char [6]' to 'char *'
  (compiling source file '4coder_scewps.cpp')
      E:\4cc\build\custom\generated\4coder_event_codes.h(186,5):
      Conversion from string literal loses const qualifier (see /Zc:strictStrings)
  
E:\4cc\build\custom\generated\4coder_event_codes.h(187,5): error C2440: 'initializing': cannot convert from 'const char [12]' to 'char *'
  (compiling source file '4coder_scewps.cpp')
      E:\4cc\build\custom\generated\4coder_event_codes.h(187,5):
      Conversion from string literal loses const qualifier (see /Zc:strictStrings)
  
E:\4cc\build\custom\generated\4coder_event_codes.h(188,5): error C2440: 'initializing': cannot convert from 'const char [13]' to 'char *'
  (compiling source file '4coder_scewps.cpp')
      E:\4cc\build\custom\generated\4coder_event_codes.h(188,5):
      Conversion from string literal loses const qualifier (see /Zc:strictStrings)
  
E:\4cc\build\custom\generated\4coder_event_codes.h(189,5): error C2440: 'initializing': cannot convert from 'const char [10]' to 'char *'
  (compiling source file '4coder_scewps.cpp')
      E:\4cc\build\custom\generated\4coder_event_codes.h(189,5):
      Conversion from string literal loses const qualifier (see /Zc:strictStrings)
  
E:\4cc\build\custom\generated\4coder_event_codes.h(190,5): error C2440: 'initializing': cannot convert from 'const char [6]' to 'char *'
  (compiling source file '4coder_scewps.cpp')
      E:\4cc\build\custom\generated\4coder_event_codes.h(190,5):
      Conversion from string literal loses const qualifier (see /Zc:strictStrings)
  
E:\4cc\build\custom\generated\4coder_event_codes.h(191,5): error C2440: 'initializing': cannot convert from 'const char [6]' to 'char *'
  (compiling source file '4coder_scewps.cpp')
      E:\4cc\build\custom\generated\4coder_event_codes.h(191,5):
      Conversion from string literal loses const qualifier (see /Zc:strictStrings)
  
E:\4cc\build\custom\generated\4coder_event_codes.h(192,5): error C2440: 'initializing': cannot convert from 'const char [7]' to 'char *'
  (compiling source file '4coder_scewps.cpp')
      E:\4cc\build\custom\generated\4coder_event_codes.h(192,5):
      Conversion from string literal loses const qualifier (see /Zc:strictStrings)
  
E:\4cc\build\custom\generated\4coder_event_codes.h(193,5): error C2440: 'initializing': cannot convert from 'const char [13]' to 'char *'
  (compiling source file '4coder_scewps.cpp')
      E:\4cc\build\custom\generated\4coder_event_codes.h(193,5):
      Conversion from string literal loses const qualifier (see /Zc:strictStrings)
  
E:\4cc\build\custom\generated\4coder_event_codes.h(194,5): error C2440: 'initializing': cannot convert from 'const char [14]' to 'char *'
  (compiling source file '4coder_scewps.cpp')
      E:\4cc\build\custom\generated\4coder_event_codes.h(194,5):
      Conversion from string literal loses const qualifier (see /Zc:strictStrings)
  
E:\4cc\build\custom\generated\4coder_event_codes.h(195,5): error C2440: 'initializing': cannot convert from 'const char [4]' to 'char *'
  (compiling source file '4coder_scewps.cpp')
      E:\4cc\build\custom\generated\4coder_event_codes.h(195,5):
      Conversion from string literal loses const qualifier (see /Zc:strictStrings)
  
E:\4cc\build\custom\generated\4coder_event_codes.h(196,5): error C2440: 'initializing': cannot convert from 'const char [7]' to 'char *'
  (compiling source file '4coder_scewps.cpp')
      E:\4cc\build\custom\generated\4coder_event_codes.h(196,5):
      Conversion from string literal loses const qualifier (see /Zc:strictStrings)
  
E:\4cc\build\custom\generated\4coder_event_codes.h(197,5): error C2440: 'initializing': cannot convert from 'const char [6]' to 'char *'
  (compiling source file '4coder_scewps.cpp')
      E:\4cc\build\custom\generated\4coder_event_codes.h(197,5):
      Conversion from string literal loses const qualifier (see /Zc:strictStrings)
  
E:\4cc\build\custom\generated\4coder_event_codes.h(198,5): error C2440: 'initializing': cannot convert from 'const char [3]' to 'char *'
  (compiling source file '4coder_scewps.cpp')
      E:\4cc\build\custom\generated\4coder_event_codes.h(198,5):
      Conversion from string literal loses const qualifier (see /Zc:strictStrings)
  
E:\4cc\build\custom\generated\4coder_event_codes.h(199,5): error C2440: 'initializing': cannot convert from 'const char [5]' to 'char *'
  (compiling source file '4coder_scewps.cpp')
      E:\4cc\build\custom\generated\4coder_event_codes.h(199,5):
      Conversion from string literal loses const qualifier (see /Zc:strictStrings)
  
E:\4cc\build\custom\generated\4coder_event_codes.h(200,5): error C2440: 'initializing': cannot convert from 'const char [5]' to 'char *'
  (compiling source file '4coder_scewps.cpp')
      E:\4cc\build\custom\generated\4coder_event_codes.h(200,5):
      Conversion from string literal loses const qualifier (see /Zc:strictStrings)
  
E:\4cc\build\custom\generated\4coder_event_codes.h(201,5): error C2440: 'initializing': cannot convert from 'const char [6]' to 'char *'
  (compiling source file '4coder_scewps.cpp')
      E:\4cc\build\custom\generated\4coder_event_codes.h(201,5):
      Conversion from string literal loses const qualifier (see /Zc:strictStrings)
  
E:\4cc\build\custom\generated\4coder_event_codes.h(202,5): error C2440: 'initializing': cannot convert from 'const char [10]' to 'char *'
  (compiling source file '4coder_scewps.cpp')
      E:\4cc\build\custom\generated\4coder_event_codes.h(202,5):
      Conversion from string literal loses const qualifier (see /Zc:strictStrings)
  
E:\4cc\build\custom\generated\4coder_event_codes.h(203,5): error C2440: 'initializing': cannot convert from 'const char [7]' to 'char *'
  (compiling source file '4coder_scewps.cpp')
      E:\4cc\build\custom\generated\4coder_event_codes.h(203,5):
      Conversion from string literal loses const qualifier (see /Zc:strictStrings)
  
E:\4cc\build\custom\generated\4coder_event_codes.h(204,5): error C2440: 'initializing': cannot convert from 'const char [7]' to 'char *'
  (compiling source file '4coder_scewps.cpp')
      E:\4cc\build\custom\generated\4coder_event_codes.h(204,5):
      Conversion from string literal loses const qualifier (see /Zc:strictStrings)
  
E:\4cc\build\custom\generated\4coder_event_codes.h(205,5): error C2440: 'initializing': cannot convert from 'const char [7]' to 'char *'
  (compiling source file '4coder_scewps.cpp')
      E:\4cc\build\custom\generated\4coder_event_codes.h(205,5):
      Conversion from string literal loses const qualifier (see /Zc:strictStrings)
  
E:\4cc\build\custom\generated\4coder_event_codes.h(206,5): error C2440: 'initializing': cannot convert from 'const char [5]' to 'char *'
  (compiling source file '4coder_scewps.cpp')
      E:\4cc\build\custom\generated\4coder_event_codes.h(206,5):
      Conversion from string literal loses const qualifier (see /Zc:strictStrings)
  
E:\4cc\build\custom\generated\4coder_event_codes.h(207,5): error C2440: 'initializing': cannot convert from 'const char [4]' to 'char *'
  (compiling source file '4coder_scewps.cpp')
      E:\4cc\build\custom\generated\4coder_event_codes.h(207,5):
      Conversion from string literal loses const qualifier (see /Zc:strictStrings)
  
E:\4cc\build\custom\generated\4coder_event_codes.h(208,5): error C2440: 'initializing': cannot convert from 'const char [7]' to 'char *'
  (compiling source file '4coder_scewps.cpp')
      E:\4cc\build\custom\generated\4coder_event_codes.h(208,5):
      Conversion from string literal loses const qualifier (see /Zc:strictStrings)
  
E:\4cc\build\custom\generated\4coder_event_codes.h(209,5): error C2440: 'initializing': cannot convert from 'const char [9]' to 'char *'
  (compiling source file '4coder_scewps.cpp')
      E:\4cc\build\custom\generated\4coder_event_codes.h(209,5):
      Conversion from string literal loses const qualifier (see /Zc:strictStrings)
  
E:\4cc\build\custom\generated\4coder_event_codes.h(210,5): error C2440: 'initializing': cannot convert from 'const char [9]' to 'char *'
  (compiling source file '4coder_scewps.cpp')
      E:\4cc\build\custom\generated\4coder_event_codes.h(210,5):
      Conversion from string literal loses const qualifier (see /Zc:strictStrings)
  
E:\4cc\build\custom\generated\4coder_event_codes.h(211,5): error C2440: 'initializing': cannot convert from 'const char [8]' to 'char *'
  (compiling source file '4coder_scewps.cpp')
      E:\4cc\build\custom\generated\4coder_event_codes.h(211,5):
      Conversion from string literal loses const qualifier (see /Zc:strictStrings)
  
E:\4cc\build\custom\generated\4coder_event_codes.h(212,5): error C2440: 'initializing': cannot convert from 'const char [11]' to 'char *'
  (compiling source file '4coder_scewps.cpp')
      E:\4cc\build\custom\generated\4coder_event_codes.h(212,5):
      Conversion from string literal loses const qualifier (see /Zc:strictStrings)
  
E:\4cc\build\custom\generated\4coder_event_codes.h(213,5): error C2440: 'initializing': cannot convert from 'const char [5]' to 'char *'
  (compiling source file '4coder_scewps.cpp')
      E:\4cc\build\custom\generated\4coder_event_codes.h(213,5):
      Conversion from string literal loses const qualifier (see /Zc:strictStrings)
  
E:\4cc\build\custom\generated\4coder_event_codes.h(214,5): error C2440: 'initializing': cannot convert from 'const char [6]' to 'char *'
  (compiling source file '4coder_scewps.cpp')
      E:\4cc\build\custom\generated\4coder_event_codes.h(214,5):
      Conversion from string literal loses const qualifier (see /Zc:strictStrings)
  
E:\4cc\build\custom\generated\4coder_event_codes.h(215,5): error C2440: 'initializing': cannot convert from 'const char [8]' to 'char *'
  (compiling source file '4coder_scewps.cpp')
      E:\4cc\build\custom\generated\4coder_event_codes.h(215,5):
      Conversion from string literal loses const qualifier (see /Zc:strictStrings)
  
E:\4cc\build\custom\generated\4coder_event_codes.h(216,5): error C2440: 'initializing': cannot convert from 'const char [4]' to 'char *'
  (compiling source file '4coder_scewps.cpp')
      E:\4cc\build\custom\generated\4coder_event_codes.h(216,5):
      Conversion from string literal loses const qualifier (see /Zc:strictStrings)
  
E:\4cc\build\custom\generated\4coder_event_codes.h(217,5): error C2440: 'initializing': cannot convert from 'const char [8]' to 'char *'
  (compiling source file '4coder_scewps.cpp')
      E:\4cc\build\custom\generated\4coder_event_codes.h(217,5):
      Conversion from string literal loses const qualifier (see /Zc:strictStrings)
  
E:\4cc\build\custom\generated\4coder_event_codes.h(218,5): error C2440: 'initializing': cannot convert from 'const char [3]' to 'char *'
  (compiling source file '4coder_scewps.cpp')
      E:\4cc\build\custom\generated\4coder_event_codes.h(218,5):
      Conversion from string literal loses const qualifier (see /Zc:strictStrings)
  
E:\4cc\build\custom\generated\4coder_event_codes.h(219,5): error C2440: 'initializing': cannot convert from 'const char [3]' to 'char *'
  (compiling source file '4coder_scewps.cpp')
      E:\4cc\build\custom\generated\4coder_event_codes.h(219,5):
      Conversion from string literal loses const qualifier (see /Zc:strictStrings)
  
E:\4cc\build\custom\generated\4coder_event_codes.h(220,5): error C2440: 'initializing': cannot convert from 'const char [3]' to 'char *'
  (compiling source file '4coder_scewps.cpp')
      E:\4cc\build\custom\generated\4coder_event_codes.h(220,5):
      Conversion from string literal loses const qualifier (see /Zc:strictStrings)
  
E:\4cc\build\custom\generated\4coder_event_codes.h(221,5): error C2440: 'initializing': cannot convert from 'const char [3]' to 'char *'
  (compiling source file '4coder_scewps.cpp')
      E:\4cc\build\custom\generated\4coder_event_codes.h(221,5):
      Conversion from string literal loses const qualifier (see /Zc:strictStrings)
  
E:\4cc\build\custom\generated\4coder_event_codes.h(222,5): error C2440: 'initializing': cannot convert from 'const char [3]' to 'char *'
  (compiling source file '4coder_scewps.cpp')
      E:\4cc\build\custom\generated\4coder_event_codes.h(222,5):
      Conversion from string literal loses const qualifier (see /Zc:strictStrings)
  
E:\4cc\build\custom\generated\4coder_event_codes.h(223,5): error C2440: 'initializing': cannot convert from 'const char [3]' to 'char *'
  (compiling source file '4coder_scewps.cpp')
      E:\4cc\build\custom\generated\4coder_event_codes.h(223,5):
      Conversion from string literal loses const qualifier (see /Zc:strictStrings)
  
E:\4cc\build\custom\generated\4coder_event_codes.h(224,5): error C2440: 'initializing': cannot convert from 'const char [3]' to 'char *'
  (compiling source file '4coder_scewps.cpp')
      E:\4cc\build\custom\generated\4coder_event_codes.h(224,5):
      Conversion from string literal loses const qualifier (see /Zc:strictStrings)
  
E:\4cc\build\custom\generated\4coder_event_codes.h(225,5): error C2440: 'initializing': cannot convert from 'const char [3]' to 'char *'
  (compiling source file '4coder_scewps.cpp')
      E:\4cc\build\custom\generated\4coder_event_codes.h(225,5):
      Conversion from string literal loses const qualifier (see /Zc:strictStrings)
  
E:\4cc\build\custom\generated\4coder_event_codes.h(226,5): error C2440: 'initializing': cannot convert from 'const char [3]' to 'char *'
  (compiling source file '4coder_scewps.cpp')
      E:\4cc\build\custom\generated\4coder_event_codes.h(226,5):
      Conversion from string literal loses const qualifier (see /Zc:strictStrings)
  
E:\4cc\build\custom\generated\4coder_event_codes.h(227,5): error C2440: 'initializing': cannot convert from 'const char [4]' to 'char *'
  (compiling source file '4coder_scewps.cpp')
      E:\4cc\build\custom\generated\4coder_event_codes.h(227,5):
      Conversion from string literal loses const qualifier (see /Zc:strictStrings)
  
E:\4cc\build\custom\generated\4coder_event_codes.h(228,5): error C2440: 'initializing': cannot convert from 'const char [4]' to 'char *'
  (compiling source file '4coder_scewps.cpp')
      E:\4cc\build\custom\generated\4coder_event_codes.h(228,5):
      Conversion from string literal loses const qualifier (see /Zc:strictStrings)
  
E:\4cc\build\custom\generated\4coder_event_codes.h(229,5): error C2440: 'initializing': cannot convert from 'const char [4]' to 'char *'
  (compiling source file '4coder_scewps.cpp')
      E:\4cc\build\custom\generated\4coder_event_codes.h(229,5):
      Conversion from string literal loses const qualifier (see /Zc:strictStrings)
  
E:\4cc\build\custom\generated\4coder_event_codes.h(230,5): error C2440: 'initializing': cannot convert from 'const char [4]' to 'char *'
  (compiling source file '4coder_scewps.cpp')
      E:\4cc\build\custom\generated\4coder_event_codes.h(230,5):
      Conversion from string literal loses const qualifier (see /Zc:strictStrings)
  
E:\4cc\build\custom\generated\4coder_event_codes.h(231,5): error C2440: 'initializing': cannot convert from 'const char [4]' to 'char *'
  (compiling source file '4coder_scewps.cpp')
      E:\4cc\build\custom\generated\4coder_event_codes.h(231,5):
      Conversion from string literal loses const qualifier (see /Zc:strictStrings)
  
E:\4cc\build\custom\generated\4coder_event_codes.h(232,5): error C2440: 'initializing': cannot convert from 'const char [4]' to 'char *'
  (compiling source file '4coder_scewps.cpp')
      E:\4cc\build\custom\generated\4coder_event_codes.h(232,5):
      Conversion from string literal loses const qualifier (see /Zc:strictStrings)
  
E:\4cc\build\custom\generated\4coder_event_codes.h(233,5): error C2440: 'initializing': cannot convert from 'const char [4]' to 'char *'
  (compiling source file '4coder_scewps.cpp')
      E:\4cc\build\custom\generated\4coder_event_codes.h(233,5):
      Conversion from string literal loses const qualifier (see /Zc:strictStrings)
  
E:\4cc\build\custom\generated\4coder_event_codes.h(234,5): error C2440: 'initializing': cannot convert from 'const char [4]' to 'char *'
  (compiling source file '4coder_scewps.cpp')
      E:\4cc\build\custom\generated\4coder_event_codes.h(234,5):
      Conversion from string literal loses const qualifier (see /Zc:strictStrings)
  
E:\4cc\build\custom\generated\4coder_event_codes.h(235,5): error C2440: 'initializing': cannot convert from 'const char [4]' to 'char *'
  (compiling source file '4coder_scewps.cpp')
      E:\4cc\build\custom\generated\4coder_event_codes.h(235,5):
      Conversion from string literal loses const qualifier (see /Zc:strictStrings)
  
E:\4cc\build\custom\generated\4coder_event_codes.h(236,5): error C2440: 'initializing': cannot convert from 'const char [4]' to 'char *'
  (compiling source file '4coder_scewps.cpp')
      E:\4cc\build\custom\generated\4coder_event_codes.h(236,5):
      Conversion from string literal loses const qualifier (see /Zc:strictStrings)
  
E:\4cc\build\custom\generated\4coder_event_codes.h(237,5): error C2440: 'initializing': cannot convert from 'const char [4]' to 'char *'
  (compiling source file '4coder_scewps.cpp')
      E:\4cc\build\custom\generated\4coder_event_codes.h(237,5):
      Conversion from string literal loses const qualifier (see /Zc:strictStrings)
  
E:\4cc\build\custom\generated\4coder_event_codes.h(238,5): error C2440: 'initializing': cannot convert from 'const char [4]' to 'char *'
  (compiling source file '4coder_scewps.cpp')
      E:\4cc\build\custom\generated\4coder_event_codes.h(238,5):
      Conversion from string literal loses const qualifier (see /Zc:strictStrings)
  
E:\4cc\build\custom\generated\4coder_event_codes.h(239,5): error C2440: 'initializing': cannot convert from 'const char [4]' to 'char *'
  (compiling source file '4coder_scewps.cpp')
      E:\4cc\build\custom\generated\4coder_event_codes.h(239,5):
      Conversion from string literal loses const qualifier (see /Zc:strictStrings)
  
E:\4cc\build\custom\generated\4coder_event_codes.h(240,5): error C2440: 'initializing': cannot convert from 'const char [4]' to 'char *'
  (compiling source file '4coder_scewps.cpp')
      E:\4cc\build\custom\generated\4coder_event_codes.h(240,5):
      Conversion from string literal loses const qualifier (see /Zc:strictStrings)
  
E:\4cc\build\custom\generated\4coder_event_codes.h(241,5): error C2440: 'initializing': cannot convert from 'const char [4]' to 'char *'
  (compiling source file '4coder_scewps.cpp')
      E:\4cc\build\custom\generated\4coder_event_codes.h(241,5):
      Conversion from string literal loses const qualifier (see /Zc:strictStrings)
  
E:\4cc\build\custom\generated\4coder_event_codes.h(242,5): error C2440: 'initializing': cannot convert from 'const char [8]' to 'char *'
  (compiling source file '4coder_scewps.cpp')
      E:\4cc\build\custom\generated\4coder_event_codes.h(242,5):
      Conversion from string literal loses const qualifier (see /Zc:strictStrings)
  
E:\4cc\build\custom\generated\4coder_event_codes.h(243,5): error C2440: 'initializing': cannot convert from 'const char [8]' to 'char *'
  (compiling source file '4coder_scewps.cpp')
      E:\4cc\build\custom\generated\4coder_event_codes.h(243,5):
      Conversion from string literal loses const qualifier (see /Zc:strictStrings)
  
E:\4cc\build\custom\generated\4coder_event_codes.h(244,5): error C2440: 'initializing': cannot convert from 'const char [8]' to 'char *'
  (compiling source file '4coder_scewps.cpp')
      E:\4cc\build\custom\generated\4coder_event_codes.h(244,5):
      Conversion from string literal loses const qualifier (see /Zc:strictStrings)
  
E:\4cc\build\custom\generated\4coder_event_codes.h(245,5): error C2440: 'initializing': cannot convert from 'const char [8]' to 'char *'
  (compiling source file '4coder_scewps.cpp')
      E:\4cc\build\custom\generated\4coder_event_codes.h(245,5):
      Conversion from string literal loses const qualifier (see /Zc:strictStrings)
  
E:\4cc\build\custom\generated\4coder_event_codes.h(246,5): error C2440: 'initializing': cannot convert from 'const char [8]' to 'char *'
  (compiling source file '4coder_scewps.cpp')
      E:\4cc\build\custom\generated\4coder_event_codes.h(246,5):
      Conversion from string literal loses const qualifier (see /Zc:strictStrings)
  
E:\4cc\build\custom\generated\4coder_event_codes.h(246,5): error C1003: error count exceeds 100; stopping compilation
  (compiling source file '4coder_scewps.cpp')
  
